2026-10-02 17:59:01,977 | INFO | MainThread | === CAPSTONE DEBUG LOG START ===
2026-10-02 17:59:01,977 | INFO | MainThread | debug_logging_enabled=True
2026-10-02 17:59:01,978 | INFO | MainThread | Human command submitted: 'Move package 1 from its position using robot 1'
2026-10-02 17:59:01,978 | INFO | Thread-1 (_run_capstone) | Initializing custom warehouse environment
2026-10-02 17:59:01,978 | INFO | Thread-1 (_run_capstone) | Environment dimensions rows=15 cols=20
2026-10-02 17:59:01,981 | INFO | Thread-1 (_run_capstone) | Warehouse state and orchestrator created
2026-10-02 17:59:01,983 | INFO | Thread-1 (_run_capstone) | Robots initialized: R1=(2, 2) R2=(17, 3)
2026-10-02 17:59:01,996 | INFO | Thread-1 (_run_capstone) | SQLite memory attached run_id=4
2026-10-02 17:59:01,997 | INFO | Thread-1 (_run_capstone) | Loaded items=[('ITEM-001', (2, 9), 6.0), ('ITEM-002', (15, 11), 4.0)]
2026-10-02 17:59:01,997 | INFO | Thread-1 (_run_capstone) | Loaded tasks=[('TASK-001', 'ITEM-001', (2, 9), (3, 4)), ('TASK-002', 'ITEM-002', (15, 11), (18, 12))]
2026-10-02 17:59:01,997 | INFO | Thread-1 (_run_capstone) | Dispatch start request='Move package 1 from its position using robot 1'
2026-10-02 17:59:22,740 | INFO | Thread-1 (_run_capstone) | EVENT | TASK_ASSIGNED | {'task_id': 'TASK-001', 'robot_id': 1}
2026-10-02 17:59:22,752 | INFO | Thread-1 (_run_capstone) | Dispatch result: {'status': 'DISPATCH_AUTHORIZED', 'result': {'answer': 'Dispatch approved: ITEM-001 assigned to robot 1 per human request and SMT verification.', 'assignments': {'ITEM-001': '1'}}, 'final_smt_check': {'status': 'SATISFIABLE', 'assignments': {'ITEM-001': '1'}, 'feedback': 'Dispatch plan verified by SMT.'}, 'task_assignments': [{'task_id': 'TASK-001', 'item_id': 'ITEM-001', 'robot_id': '1'}], 'trace': [{'role': 'system', 'content': '\nYou are the dispatch reasoning layer of an autonomous warehouse.\n\nReturn exactly one JSON object per turn:\n{\n  "thought": "<brief reasoning summary>",\n  "action": "<action>",\n  "action_input": {...}\n}\n\nAllowed actions are exactly:\n\n1. "verify_dispatch_smt"\n   action_input:\n   {\n     "packages": [\n       {"id": "<package id>", "weight": <number>}\n     ],\n     "robots": [\n       {\n         "id": "<robot id>",\n         "capacity": <number>,\n         "battery_pct": <number>,\n         "min_battery": <number>,\n         "drain_rate": <number>\n       }\n     ]\n   }\n\n2. "ask_user"\n   action_input:\n   {"question": "<question>"}\n\n3. "finish"\n   action_input:\n   {\n     "answer": "<answer>",\n     "assignments": {"package_id": "robot_id", ...}\n   }\n\nRules:\n- First translate the warehouse request into a concrete verifier payload.\n- Only create assignments for packages/items that the HUMAN DISPATCH REQUEST explicitly asks to move.\n- Do not add extra packages, extra tasks, or "helpful" assignments that were not requested.\n- If the human explicitly names a robot for a requested package, use that robot; do not silently substitute another robot.\n- When the HUMAN DISPATCH REQUEST explicitly says "ITEM-X to Robot-Y", the\n  final assignment for ITEM-X MUST be exactly Robot-Y. Do not move that item to\n  another robot merely because SMT also finds that alternative feasible.\n- Do not treat a merely feasible alternative assignment as permission to rewrite\n  an explicit human assignment.\n- The SMT verifier is the source of truth for physical feasibility, while the\n  human request is the source of truth for explicit assignment intent.\n- If SMT returns SATISFIABLE, finish using exactly the assignments from that\n  verified result.\n- If SMT returns UNSATISFIABLE, read diagnostics and feedback, explain the\n  actual constraint failure in your Thought, and propose a genuinely\n  different payload.\n- Never submit the exact same verify_dispatch_smt payload twice.\n- A changed plan must be sent back through SMT before being described as\n  feasible.\n- Use ask_user when the correct relaxation requires a human preference.\n- Never claim a plan is feasible without a SATISFIABLE verification for that\n  exact plan.\n'}, {'role': 'user', 'content': 'HUMAN DISPATCH REQUEST:\nMove package 1 from its position using robot 1\n\nAUTHORITATIVE CURRENT WAREHOUSE STATE:\n{\n  "robots": [\n    {\n      "id": 1,\n      "capacity_kg": 10.0,\n      "battery_pct": 100.0,\n      "wear": 0.0,\n      "min_battery_pct": 20.0,\n      "drain_rate_pct_per_kg": 0.0\n    },\n    {\n      "id": 2,\n      "capacity_kg": 10.0,\n      "battery_pct": 100.0,\n      "wear": 0.0,\n      "min_battery_pct": 20.0,\n      "drain_rate_pct_per_kg": 0.0\n    }\n  ],\n  "items": [\n    {\n      "id": "ITEM-001",\n      "weight_kg": 6.0,\n      "location": [\n        2,\n        9\n      ],\n      "status": "AVAILABLE"\n    },\n    {\n      "id": "ITEM-002",\n      "weight_kg": 4.0,\n      "location": [\n        15,\n        11\n      ],\n      "status": "AVAILABLE"\n    }\n  ],\n  "tasks": [\n    {\n      "task_id": "TASK-001",\n      "item_id": "ITEM-001",\n      "destination": [\n        3,\n        4\n      ],\n      "assigned_robot_id": null\n    },\n    {\n      "task_id": "TASK-002",\n      "item_id": "ITEM-002",\n      "destination": [\n        18,\n        12\n      ],\n      "assigned_robot_id": null\n    }\n  ]\n}\n\nUse the supplied warehouse state for package weights, robot capacity, battery, and available entities. Do not ask the human to repeat information already present here.'}, {'role': 'assistant', 'content': '{\n  "thought": "Interpret \'package 1\' as ITEM-001 (first listed). Human explicitly requests robot 1, so prepare SMT payload verifying robot 1 can carry ITEM-001 (6.0 kg) given capacity and battery constraints.",\n  "action": "verify_dispatch_smt",\n  "action_input": {\n    "packages": [\n      {\n        "id": "ITEM-001",\n        "weight": 6.0\n      }\n    ],\n    "robots": [\n      {\n        "id": 1,\n        "capacity": 10.0,\n        "battery_pct": 100.0,\n        "min_battery": 20.0,\n        "drain_rate": 0.0\n      }\n    ]\n  }\n}'}, {'role': 'user', 'content': '{"status": "SYNTACTIC_ERROR", "message": "1 validation error for DispatchPayload\\nrobots.0.id\\n  Input should be a valid string [type=string_type, input_value=1, input_type=int]\\n    For further information visit https://errors.pydantic.dev/2.9/v/string_type"}'}, {'role': 'assistant', 'content': '{\n  "thought": "SMT payload failed because robot id must be a string. Fix robot id type and resubmit verification for ITEM-001 assigned to robot 1 (per human request).",\n  "action": "verify_dispatch_smt",\n  "action_input": {\n    "packages": [\n      {\n        "id": "ITEM-001",\n        "weight": 6.0\n      }\n    ],\n    "robots": [\n      {\n        "id": "1",\n        "capacity": 10.0,\n        "battery_pct": 100.0,\n        "min_battery": 20.0,\n        "drain_rate": 0.0\n      }\n    ]\n  }\n}'}, {'role': 'user', 'content': '{"status": "SATISFIABLE", "assignments": {"ITEM-001": "1"}, "feedback": "Dispatch plan verified by SMT."}'}, {'role': 'assistant', 'content': '{\n  "thought": "SMT returned SATISFIABLE for ITEM-001 on robot 1 (capacity and battery constraints met). Finishing with the verified assignment.",\n  "action": "finish",\n  "action_input": {\n    "answer": "Dispatch approved: ITEM-001 assigned to robot 1 per human request and SMT verification.",\n    "assignments": {\n      "ITEM-001": "1"\n    }\n  }\n}'}]}
2026-10-02 17:59:22,752 | INFO | Thread-1 (_run_capstone) | EVENT | ROUTE_PLANNED | {'robot_id': 1, 'destination': (2, 9), 'route_length': 8, 'planner': 'astar', 'bandit_arm': None, 'bandit_reward': None, 'value_estimate': None, 'fallback_reason': None, 'nodes_expanded': 7, 'planning_time_ms': 0.09322166442871094}
2026-10-02 17:59:22,763 | INFO | Thread-1 (_run_capstone) | A* planned robot=1 destination=(2, 9) blocked_dynamic=[(18, 12)] route=[(2, 2), (2, 3), (2, 4), (2, 5), (2, 6), (2, 7), (2, 8), (2, 9)]
2026-10-02 17:59:22,763 | INFO | Thread-1 (_run_capstone) | A* NEXT WAYPOINT robot=1 current=(2, 2) destination=(2, 9) waypoint=(2, 3) remaining_route=[(2, 2), (2, 3), (2, 4), (2, 5), (2, 6), (2, 7), (2, 8), (2, 9)]
2026-10-02 17:59:22,862 | INFO | Thread-1 (_run_capstone) | ACTIVE_TASK robot=1 task=TASK-001 phase=PICKUP
2026-10-02 17:59:22,862 | INFO | Thread-1 (_run_capstone) | EVENT | ROUTE_PLANNED | {'robot_id': 1, 'destination': (2, 9), 'route_length': 8, 'planner': 'astar', 'bandit_arm': None, 'bandit_reward': None, 'value_estimate': None, 'fallback_reason': None, 'nodes_expanded': 7, 'planning_time_ms': 0.04363059997558594}
2026-10-02 17:59:22,873 | INFO | Thread-1 (_run_capstone) | A* planned robot=1 destination=(2, 9) blocked_dynamic=[(18, 12)] route=[(2, 2), (2, 3), (2, 4), (2, 5), (2, 6), (2, 7), (2, 8), (2, 9)]
2026-10-02 17:59:22,873 | INFO | Thread-1 (_run_capstone) | A* NEXT WAYPOINT robot=1 current=(2, 2) destination=(2, 9) waypoint=(2, 3) remaining_route=[(2, 2), (2, 3), (2, 4), (2, 5), (2, 6), (2, 7), (2, 8), (2, 9)]
2026-10-02 17:59:22,978 | INFO | Thread-1 (_run_capstone) | MOVE REQUEST robot=1 pos=(2, 2) target=(2, 3) conflict_robot=2 conflict_target=None
2026-10-02 17:59:23,079 | INFO | Thread-1 (_run_capstone) | SARSA_ROUTE_MATCH robot=1 action=1 target=(2, 3)
2026-10-02 17:59:23,091 | INFO | Thread-1 (_run_capstone) | EVENT | ROBOT_MOVED | {'robot_id': 1, 'position': (2, 3), 'estimated_position': (2, 3), 'observation': 0, 'battery': 99.0}
2026-10-02 17:59:23,105 | INFO | Thread-1 (_run_capstone) | EVENT | SARSA_ACTION | {'robot_id': 1, 'action': 1, 'proposed_action': 1, 'position': (2, 3), 'target': (2, 3), 'controller': 'SARSA+ASTAR_ROUTE_GUARD'}
2026-10-02 17:59:23,113 | INFO | Thread-1 (_run_capstone) | MOVE RESULT robot=1 ok=True new_pos=(2, 3) battery=99.00 target=(2, 3)
2026-10-02 17:59:23,293 | INFO | Thread-1 (_run_capstone) | ACTIVE_TASK robot=1 task=TASK-001 phase=PICKUP
2026-10-02 17:59:23,293 | INFO | Thread-1 (_run_capstone) | EVENT | ROUTE_PLANNED | {'robot_id': 1, 'destination': (2, 9), 'route_length': 7, 'planner': 'astar', 'bandit_arm': None, 'bandit_reward': None, 'value_estimate': None, 'fallback_reason': None, 'nodes_expanded': 6, 'planning_time_ms': 0.09655952453613281}
2026-10-02 17:59:23,306 | INFO | Thread-1 (_run_capstone) | A* planned robot=1 destination=(2, 9) blocked_dynamic=[(18, 12)] route=[(2, 3), (2, 4), (2, 5), (2, 6), (2, 7), (2, 8), (2, 9)]
2026-10-02 17:59:23,306 | INFO | Thread-1 (_run_capstone) | A* NEXT WAYPOINT robot=1 current=(2, 3) destination=(2, 9) waypoint=(2, 4) remaining_route=[(2, 3), (2, 4), (2, 5), (2, 6), (2, 7), (2, 8), (2, 9)]
2026-10-02 17:59:23,410 | INFO | Thread-1 (_run_capstone) | MOVE REQUEST robot=1 pos=(2, 3) target=(2, 4) conflict_robot=2 conflict_target=None
2026-10-02 17:59:23,513 | INFO | Thread-1 (_run_capstone) | SARSA_ROUTE_MATCH robot=1 action=1 target=(2, 4)
2026-10-02 17:59:23,513 | INFO | Thread-1 (_run_capstone) | EVENT | ROBOT_MOVED | {'robot_id': 1, 'position': (2, 4), 'estimated_position': (2, 4), 'observation': 0, 'battery': 98.0}
2026-10-02 17:59:23,527 | INFO | Thread-1 (_run_capstone) | EVENT | SARSA_ACTION | {'robot_id': 1, 'action': 1, 'proposed_action': 1, 'position': (2, 4), 'target': (2, 4), 'controller': 'SARSA+ASTAR_ROUTE_GUARD'}
2026-10-02 17:59:23,535 | INFO | Thread-1 (_run_capstone) | MOVE RESULT robot=1 ok=True new_pos=(2, 4) battery=98.00 target=(2, 4)
2026-10-02 17:59:23,716 | INFO | Thread-1 (_run_capstone) | ACTIVE_TASK robot=1 task=TASK-001 phase=PICKUP
2026-10-02 17:59:23,716 | INFO | Thread-1 (_run_capstone) | EVENT | ROUTE_PLANNED | {'robot_id': 1, 'destination': (2, 9), 'route_length': 6, 'planner': 'astar', 'bandit_arm': None, 'bandit_reward': None, 'value_estimate': None, 'fallback_reason': None, 'nodes_expanded': 5, 'planning_time_ms': 0.04458427429199219}
2026-10-02 17:59:23,726 | INFO | Thread-1 (_run_capstone) | A* planned robot=1 destination=(2, 9) blocked_dynamic=[(18, 12)] route=[(2, 4), (2, 5), (2, 6), (2, 7), (2, 8), (2, 9)]
2026-10-02 17:59:23,726 | INFO | Thread-1 (_run_capstone) | A* NEXT WAYPOINT robot=1 current=(2, 4) destination=(2, 9) waypoint=(2, 5) remaining_route=[(2, 4), (2, 5), (2, 6), (2, 7), (2, 8), (2, 9)]
2026-10-02 17:59:23,831 | INFO | Thread-1 (_run_capstone) | MOVE REQUEST robot=1 pos=(2, 4) target=(2, 5) conflict_robot=2 conflict_target=None
2026-10-02 17:59:23,930 | INFO | Thread-1 (_run_capstone) | SARSA_ROUTE_MATCH robot=1 action=1 target=(2, 5)
2026-10-02 17:59:23,930 | INFO | Thread-1 (_run_capstone) | EVENT | ROBOT_MOVED | {'robot_id': 1, 'position': (2, 5), 'estimated_position': (2, 5), 'observation': 0, 'battery': 97.0}
2026-10-02 17:59:23,941 | INFO | Thread-1 (_run_capstone) | EVENT | SARSA_ACTION | {'robot_id': 1, 'action': 1, 'proposed_action': 1, 'position': (2, 5), 'target': (2, 5), 'controller': 'SARSA+ASTAR_ROUTE_GUARD'}
2026-10-02 17:59:23,949 | INFO | Thread-1 (_run_capstone) | MOVE RESULT robot=1 ok=True new_pos=(2, 5) battery=97.00 target=(2, 5)
2026-10-02 17:59:24,130 | INFO | Thread-1 (_run_capstone) | ACTIVE_TASK robot=1 task=TASK-001 phase=PICKUP
2026-10-02 17:59:24,130 | INFO | Thread-1 (_run_capstone) | EVENT | ROUTE_PLANNED | {'robot_id': 1, 'destination': (2, 9), 'route_length': 5, 'planner': 'astar', 'bandit_arm': None, 'bandit_reward': None, 'value_estimate': None, 'fallback_reason': None, 'nodes_expanded': 4, 'planning_time_ms': 0.04029273986816406}
2026-10-02 17:59:24,143 | INFO | Thread-1 (_run_capstone) | A* planned robot=1 destination=(2, 9) blocked_dynamic=[(18, 12)] route=[(2, 5), (2, 6), (2, 7), (2, 8), (2, 9)]
2026-10-02 17:59:24,143 | INFO | Thread-1 (_run_capstone) | A* NEXT WAYPOINT robot=1 current=(2, 5) destination=(2, 9) waypoint=(2, 6) remaining_route=[(2, 5), (2, 6), (2, 7), (2, 8), (2, 9)]
2026-10-02 17:59:24,240 | INFO | Thread-1 (_run_capstone) | MOVE REQUEST robot=1 pos=(2, 5) target=(2, 6) conflict_robot=2 conflict_target=None
2026-10-02 17:59:24,334 | INFO | Thread-1 (_run_capstone) | SARSA_ROUTE_MATCH robot=1 action=1 target=(2, 6)
2026-10-02 17:59:24,334 | INFO | Thread-1 (_run_capstone) | EVENT | ROBOT_MOVED | {'robot_id': 1, 'position': (2, 6), 'estimated_position': (2, 6), 'observation': 2, 'battery': 96.0}
2026-10-02 17:59:24,344 | INFO | Thread-1 (_run_capstone) | EVENT | SARSA_ACTION | {'robot_id': 1, 'action': 1, 'proposed_action': 1, 'position': (2, 6), 'target': (2, 6), 'controller': 'SARSA+ASTAR_ROUTE_GUARD'}
2026-10-02 17:59:24,353 | INFO | Thread-1 (_run_capstone) | MOVE RESULT robot=1 ok=True new_pos=(2, 6) battery=96.00 target=(2, 6)
2026-10-02 17:59:24,534 | INFO | Thread-1 (_run_capstone) | ACTIVE_TASK robot=1 task=TASK-001 phase=PICKUP
2026-10-02 17:59:24,534 | INFO | Thread-1 (_run_capstone) | EVENT | ROUTE_PLANNED | {'robot_id': 1, 'destination': (2, 9), 'route_length': 4, 'planner': 'astar', 'bandit_arm': None, 'bandit_reward': None, 'value_estimate': None, 'fallback_reason': None, 'nodes_expanded': 3, 'planning_time_ms': 0.051975250244140625}
2026-10-02 17:59:24,549 | INFO | Thread-1 (_run_capstone) | A* planned robot=1 destination=(2, 9) blocked_dynamic=[(18, 12)] route=[(2, 6), (2, 7), (2, 8), (2, 9)]
2026-10-02 17:59:24,549 | INFO | Thread-1 (_run_capstone) | A* NEXT WAYPOINT robot=1 current=(2, 6) destination=(2, 9) waypoint=(2, 7) remaining_route=[(2, 6), (2, 7), (2, 8), (2, 9)]
2026-10-02 17:59:24,647 | INFO | Thread-1 (_run_capstone) | MOVE REQUEST robot=1 pos=(2, 6) target=(2, 7) conflict_robot=2 conflict_target=None
2026-10-02 17:59:24,742 | INFO | Thread-1 (_run_capstone) | SARSA_ROUTE_MATCH robot=1 action=1 target=(2, 7)
2026-10-02 17:59:24,742 | INFO | Thread-1 (_run_capstone) | EVENT | ROBOT_MOVED | {'robot_id': 1, 'position': (2, 7), 'estimated_position': (3, 6), 'observation': 1, 'battery': 95.0}
2026-10-02 17:59:24,755 | INFO | Thread-1 (_run_capstone) | EVENT | SARSA_ACTION | {'robot_id': 1, 'action': 1, 'proposed_action': 1, 'position': (2, 7), 'target': (2, 7), 'controller': 'SARSA+ASTAR_ROUTE_GUARD'}
2026-10-02 17:59:24,765 | INFO | Thread-1 (_run_capstone) | MOVE RESULT robot=1 ok=True new_pos=(2, 7) battery=95.00 target=(2, 7)
2026-10-02 17:59:24,945 | INFO | Thread-1 (_run_capstone) | ACTIVE_TASK robot=1 task=TASK-001 phase=PICKUP
2026-10-02 17:59:24,945 | INFO | Thread-1 (_run_capstone) | EVENT | ROUTE_PLANNED | {'robot_id': 1, 'destination': (2, 9), 'route_length': 3, 'planner': 'astar', 'bandit_arm': None, 'bandit_reward': None, 'value_estimate': None, 'fallback_reason': None, 'nodes_expanded': 2, 'planning_time_ms': 0.02956390380859375}
2026-10-02 17:59:24,960 | INFO | Thread-1 (_run_capstone) | A* planned robot=1 destination=(2, 9) blocked_dynamic=[(18, 12)] route=[(2, 7), (2, 8), (2, 9)]
2026-10-02 17:59:24,960 | INFO | Thread-1 (_run_capstone) | A* NEXT WAYPOINT robot=1 current=(2, 7) destination=(2, 9) waypoint=(2, 8) remaining_route=[(2, 7), (2, 8), (2, 9)]
2026-10-02 17:59:25,064 | INFO | Thread-1 (_run_capstone) | MOVE REQUEST robot=1 pos=(2, 7) target=(2, 8) conflict_robot=2 conflict_target=None
2026-10-02 17:59:25,162 | INFO | Thread-1 (_run_capstone) | SARSA_ROUTE_MATCH robot=1 action=1 target=(2, 8)
2026-10-02 17:59:25,162 | INFO | Thread-1 (_run_capstone) | EVENT | ROBOT_MOVED | {'robot_id': 1, 'position': (2, 8), 'estimated_position': (2, 8), 'observation': 0, 'battery': 94.0}
2026-10-02 17:59:25,174 | INFO | Thread-1 (_run_capstone) | EVENT | SARSA_ACTION | {'robot_id': 1, 'action': 1, 'proposed_action': 1, 'position': (2, 8), 'target': (2, 8), 'controller': 'SARSA+ASTAR_ROUTE_GUARD'}
2026-10-02 17:59:25,183 | INFO | Thread-1 (_run_capstone) | MOVE RESULT robot=1 ok=True new_pos=(2, 8) battery=94.00 target=(2, 8)
2026-10-02 17:59:25,369 | INFO | Thread-1 (_run_capstone) | ACTIVE_TASK robot=1 task=TASK-001 phase=PICKUP
2026-10-02 17:59:25,370 | INFO | Thread-1 (_run_capstone) | EVENT | ROUTE_PLANNED | {'robot_id': 1, 'destination': (2, 9), 'route_length': 2, 'planner': 'astar', 'bandit_arm': None, 'bandit_reward': None, 'value_estimate': None, 'fallback_reason': None, 'nodes_expanded': 1, 'planning_time_ms': 0.04315376281738281}
2026-10-02 17:59:25,388 | INFO | Thread-1 (_run_capstone) | A* planned robot=1 destination=(2, 9) blocked_dynamic=[(18, 12)] route=[(2, 8), (2, 9)]
2026-10-02 17:59:25,388 | INFO | Thread-1 (_run_capstone) | A* NEXT WAYPOINT robot=1 current=(2, 8) destination=(2, 9) waypoint=(2, 9) remaining_route=[(2, 8), (2, 9)]
2026-10-02 17:59:25,487 | INFO | Thread-1 (_run_capstone) | MOVE REQUEST robot=1 pos=(2, 8) target=(2, 9) conflict_robot=2 conflict_target=None
2026-10-02 17:59:25,588 | INFO | Thread-1 (_run_capstone) | SARSA_ROUTE_MATCH robot=1 action=1 target=(2, 9)
2026-10-02 17:59:25,589 | INFO | Thread-1 (_run_capstone) | EVENT | ROBOT_MOVED | {'robot_id': 1, 'position': (2, 9), 'estimated_position': (2, 9), 'observation': 4, 'battery': 93.0}
2026-10-02 17:59:25,598 | INFO | Thread-1 (_run_capstone) | EVENT | SARSA_ACTION | {'robot_id': 1, 'action': 1, 'proposed_action': 1, 'position': (2, 9), 'target': (2, 9), 'controller': 'SARSA+ASTAR_ROUTE_GUARD'}
2026-10-02 17:59:25,605 | INFO | Thread-1 (_run_capstone) | MOVE RESULT robot=1 ok=True new_pos=(2, 9) battery=93.00 target=(2, 9)
2026-10-02 17:59:25,786 | INFO | Thread-1 (_run_capstone) | ACTIVE_TASK robot=1 task=TASK-001 phase=PICKUP
2026-10-02 17:59:25,786 | INFO | Thread-1 (_run_capstone) | PICKUP reached robot=1 task=TASK-001 item=ITEM-001 at=(2, 9)
2026-10-02 17:59:25,786 | INFO | Thread-1 (_run_capstone) | EVENT | ITEM_PICKED | {'robot_id': 1, 'item_id': 'ITEM-001'}
2026-10-02 17:59:25,798 | INFO | Thread-1 (_run_capstone) | EVENT | ROUTE_PLANNED | {'robot_id': 1, 'destination': (3, 4), 'route_length': 7, 'planner': 'astar', 'bandit_arm': None, 'bandit_reward': None, 'value_estimate': None, 'fallback_reason': None, 'nodes_expanded': 11, 'planning_time_ms': 0.0629425048828125}
2026-10-02 17:59:25,807 | INFO | Thread-1 (_run_capstone) | A* planned robot=1 destination=(3, 4) blocked_dynamic=[(18, 12)] route=[(2, 9), (3, 9), (3, 8), (3, 7), (3, 6), (3, 5), (3, 4)]
2026-10-02 17:59:25,807 | INFO | Thread-1 (_run_capstone) | A* NEXT WAYPOINT robot=1 current=(2, 9) destination=(3, 4) waypoint=(3, 9) remaining_route=[(2, 9), (3, 9), (3, 8), (3, 7), (3, 6), (3, 5), (3, 4)]
2026-10-02 17:59:26,095 | INFO | Thread-1 (_run_capstone) | ACTIVE_TASK robot=1 task=TASK-001 phase=DELIVERY
2026-10-02 17:59:26,096 | INFO | Thread-1 (_run_capstone) | EVENT | ROUTE_PLANNED | {'robot_id': 1, 'destination': (3, 4), 'route_length': 7, 'planner': 'astar', 'bandit_arm': None, 'bandit_reward': None, 'value_estimate': None, 'fallback_reason': None, 'nodes_expanded': 11, 'planning_time_ms': 0.10323524475097656}
2026-10-02 17:59:26,109 | INFO | Thread-1 (_run_capstone) | A* planned robot=1 destination=(3, 4) blocked_dynamic=[(18, 12)] route=[(2, 9), (3, 9), (3, 8), (3, 7), (3, 6), (3, 5), (3, 4)]
2026-10-02 17:59:26,109 | INFO | Thread-1 (_run_capstone) | A* NEXT WAYPOINT robot=1 current=(2, 9) destination=(3, 4) waypoint=(3, 9) remaining_route=[(2, 9), (3, 9), (3, 8), (3, 7), (3, 6), (3, 5), (3, 4)]
2026-10-02 17:59:26,207 | INFO | Thread-1 (_run_capstone) | MOVE REQUEST robot=1 pos=(2, 9) target=(3, 9) conflict_robot=2 conflict_target=None
2026-10-02 17:59:26,313 | INFO | Thread-1 (_run_capstone) | SARSA_ROUTE_MATCH robot=1 action=2 target=(3, 9)
2026-10-02 17:59:26,314 | INFO | Thread-1 (_run_capstone) | EVENT | ROBOT_MOVED | {'robot_id': 1, 'position': (3, 9), 'estimated_position': (3, 9), 'observation': 1, 'battery': 92.0}
2026-10-02 17:59:26,326 | INFO | Thread-1 (_run_capstone) | EVENT | SARSA_ACTION | {'robot_id': 1, 'action': 2, 'proposed_action': 2, 'position': (3, 9), 'target': (3, 9), 'controller': 'SARSA+ASTAR_ROUTE_GUARD'}
2026-10-02 17:59:26,335 | INFO | Thread-1 (_run_capstone) | MOVE RESULT robot=1 ok=True new_pos=(3, 9) battery=92.00 target=(3, 9)
2026-10-02 17:59:26,515 | INFO | Thread-1 (_run_capstone) | ACTIVE_TASK robot=1 task=TASK-001 phase=DELIVERY
2026-10-02 17:59:26,516 | INFO | Thread-1 (_run_capstone) | EVENT | ROUTE_PLANNED | {'robot_id': 1, 'destination': (3, 4), 'route_length': 6, 'planner': 'astar', 'bandit_arm': None, 'bandit_reward': None, 'value_estimate': None, 'fallback_reason': None, 'nodes_expanded': 5, 'planning_time_ms': 0.06103515625}
2026-10-02 17:59:26,528 | INFO | Thread-1 (_run_capstone) | A* planned robot=1 destination=(3, 4) blocked_dynamic=[(18, 12)] route=[(3, 9), (3, 8), (3, 7), (3, 6), (3, 5), (3, 4)]
2026-10-02 17:59:26,528 | INFO | Thread-1 (_run_capstone) | A* NEXT WAYPOINT robot=1 current=(3, 9) destination=(3, 4) waypoint=(3, 8) remaining_route=[(3, 9), (3, 8), (3, 7), (3, 6), (3, 5), (3, 4)]
2026-10-02 17:59:26,634 | INFO | Thread-1 (_run_capstone) | MOVE REQUEST robot=1 pos=(3, 9) target=(3, 8) conflict_robot=2 conflict_target=None
2026-10-02 17:59:26,736 | INFO | Thread-1 (_run_capstone) | SARSA_ROUTE_MATCH robot=1 action=0 target=(3, 8)
2026-10-02 17:59:26,736 | INFO | Thread-1 (_run_capstone) | EVENT | ROBOT_MOVED | {'robot_id': 1, 'position': (3, 8), 'estimated_position': (3, 8), 'observation': 2, 'battery': 91.0}
2026-10-02 17:59:26,746 | INFO | Thread-1 (_run_capstone) | EVENT | SARSA_ACTION | {'robot_id': 1, 'action': 0, 'proposed_action': 0, 'position': (3, 8), 'target': (3, 8), 'controller': 'SARSA+ASTAR_ROUTE_GUARD'}
2026-10-02 17:59:26,754 | INFO | Thread-1 (_run_capstone) | MOVE RESULT robot=1 ok=True new_pos=(3, 8) battery=91.00 target=(3, 8)
2026-10-02 17:59:26,935 | INFO | Thread-1 (_run_capstone) | ACTIVE_TASK robot=1 task=TASK-001 phase=DELIVERY
2026-10-02 17:59:26,935 | INFO | Thread-1 (_run_capstone) | EVENT | ROUTE_PLANNED | {'robot_id': 1, 'destination': (3, 4), 'route_length': 5, 'planner': 'astar', 'bandit_arm': None, 'bandit_reward': None, 'value_estimate': None, 'fallback_reason': None, 'nodes_expanded': 4, 'planning_time_ms': 0.03552436828613281}
2026-10-02 17:59:26,945 | INFO | Thread-1 (_run_capstone) | A* planned robot=1 destination=(3, 4) blocked_dynamic=[(18, 12)] route=[(3, 8), (3, 7), (3, 6), (3, 5), (3, 4)]
2026-10-02 17:59:26,945 | INFO | Thread-1 (_run_capstone) | A* NEXT WAYPOINT robot=1 current=(3, 8) destination=(3, 4) waypoint=(3, 7) remaining_route=[(3, 8), (3, 7), (3, 6), (3, 5), (3, 4)]
2026-10-02 17:59:27,042 | INFO | Thread-1 (_run_capstone) | MOVE REQUEST robot=1 pos=(3, 8) target=(3, 7) conflict_robot=2 conflict_target=None
2026-10-02 17:59:27,150 | INFO | Thread-1 (_run_capstone) | SARSA_ROUTE_MATCH robot=1 action=0 target=(3, 7)
2026-10-02 17:59:27,150 | INFO | Thread-1 (_run_capstone) | EVENT | ROBOT_MOVED | {'robot_id': 1, 'position': (3, 7), 'estimated_position': (3, 7), 'observation': 1, 'battery': 90.0}
2026-10-02 17:59:27,161 | INFO | Thread-1 (_run_capstone) | EVENT | SARSA_ACTION | {'robot_id': 1, 'action': 0, 'proposed_action': 0, 'position': (3, 7), 'target': (3, 7), 'controller': 'SARSA+ASTAR_ROUTE_GUARD'}
2026-10-02 17:59:27,169 | INFO | Thread-1 (_run_capstone) | MOVE RESULT robot=1 ok=True new_pos=(3, 7) battery=90.00 target=(3, 7)
2026-10-02 17:59:27,352 | INFO | Thread-1 (_run_capstone) | ACTIVE_TASK robot=1 task=TASK-001 phase=DELIVERY
2026-10-02 17:59:27,353 | INFO | Thread-1 (_run_capstone) | EVENT | ROUTE_PLANNED | {'robot_id': 1, 'destination': (3, 4), 'route_length': 4, 'planner': 'astar', 'bandit_arm': None, 'bandit_reward': None, 'value_estimate': None, 'fallback_reason': None, 'nodes_expanded': 3, 'planning_time_ms': 0.04076957702636719}
2026-10-02 17:59:27,368 | INFO | Thread-1 (_run_capstone) | A* planned robot=1 destination=(3, 4) blocked_dynamic=[(18, 12)] route=[(3, 7), (3, 6), (3, 5), (3, 4)]
2026-10-02 17:59:27,368 | INFO | Thread-1 (_run_capstone) | A* NEXT WAYPOINT robot=1 current=(3, 7) destination=(3, 4) waypoint=(3, 6) remaining_route=[(3, 7), (3, 6), (3, 5), (3, 4)]
2026-10-02 17:59:27,471 | INFO | Thread-1 (_run_capstone) | MOVE REQUEST robot=1 pos=(3, 7) target=(3, 6) conflict_robot=2 conflict_target=None
2026-10-02 17:59:27,567 | INFO | Thread-1 (_run_capstone) | SARSA_ROUTE_MATCH robot=1 action=0 target=(3, 6)
2026-10-02 17:59:27,567 | INFO | Thread-1 (_run_capstone) | EVENT | ROBOT_MOVED | {'robot_id': 1, 'position': (3, 6), 'estimated_position': (3, 6), 'observation': 1, 'battery': 89.0}
2026-10-02 17:59:27,581 | INFO | Thread-1 (_run_capstone) | EVENT | SARSA_ACTION | {'robot_id': 1, 'action': 0, 'proposed_action': 0, 'position': (3, 6), 'target': (3, 6), 'controller': 'SARSA+ASTAR_ROUTE_GUARD'}
2026-10-02 17:59:27,590 | INFO | Thread-1 (_run_capstone) | MOVE RESULT robot=1 ok=True new_pos=(3, 6) battery=89.00 target=(3, 6)
2026-10-02 17:59:27,771 | INFO | Thread-1 (_run_capstone) | ACTIVE_TASK robot=1 task=TASK-001 phase=DELIVERY
2026-10-02 17:59:27,771 | INFO | Thread-1 (_run_capstone) | EVENT | ROUTE_PLANNED | {'robot_id': 1, 'destination': (3, 4), 'route_length': 3, 'planner': 'astar', 'bandit_arm': None, 'bandit_reward': None, 'value_estimate': None, 'fallback_reason': None, 'nodes_expanded': 2, 'planning_time_ms': 0.04267692565917969}
2026-10-02 17:59:27,783 | INFO | Thread-1 (_run_capstone) | A* planned robot=1 destination=(3, 4) blocked_dynamic=[(18, 12)] route=[(3, 6), (3, 5), (3, 4)]
2026-10-02 17:59:27,783 | INFO | Thread-1 (_run_capstone) | A* NEXT WAYPOINT robot=1 current=(3, 6) destination=(3, 4) waypoint=(3, 5) remaining_route=[(3, 6), (3, 5), (3, 4)]
2026-10-02 17:59:27,888 | INFO | Thread-1 (_run_capstone) | MOVE REQUEST robot=1 pos=(3, 6) target=(3, 5) conflict_robot=2 conflict_target=None
2026-10-02 17:59:27,987 | INFO | Thread-1 (_run_capstone) | SARSA_ROUTE_MATCH robot=1 action=0 target=(3, 5)
2026-10-02 17:59:27,987 | INFO | Thread-1 (_run_capstone) | EVENT | ROBOT_MOVED | {'robot_id': 1, 'position': (3, 5), 'estimated_position': (3, 5), 'observation': 1, 'battery': 88.0}
2026-10-02 17:59:27,999 | INFO | Thread-1 (_run_capstone) | EVENT | SARSA_ACTION | {'robot_id': 1, 'action': 0, 'proposed_action': 0, 'position': (3, 5), 'target': (3, 5), 'controller': 'SARSA+ASTAR_ROUTE_GUARD'}
2026-10-02 17:59:28,007 | INFO | Thread-1 (_run_capstone) | MOVE RESULT robot=1 ok=True new_pos=(3, 5) battery=88.00 target=(3, 5)
2026-10-02 17:59:28,188 | INFO | Thread-1 (_run_capstone) | ACTIVE_TASK robot=1 task=TASK-001 phase=DELIVERY
2026-10-02 17:59:28,188 | INFO | Thread-1 (_run_capstone) | EVENT | ROUTE_PLANNED | {'robot_id': 1, 'destination': (3, 4), 'route_length': 2, 'planner': 'astar', 'bandit_arm': None, 'bandit_reward': None, 'value_estimate': None, 'fallback_reason': None, 'nodes_expanded': 1, 'planning_time_ms': 0.031948089599609375}
2026-10-02 17:59:28,201 | INFO | Thread-1 (_run_capstone) | A* planned robot=1 destination=(3, 4) blocked_dynamic=[(18, 12)] route=[(3, 5), (3, 4)]
2026-10-02 17:59:28,201 | INFO | Thread-1 (_run_capstone) | A* NEXT WAYPOINT robot=1 current=(3, 5) destination=(3, 4) waypoint=(3, 4) remaining_route=[(3, 5), (3, 4)]
2026-10-02 17:59:28,300 | INFO | Thread-1 (_run_capstone) | MOVE REQUEST robot=1 pos=(3, 5) target=(3, 4) conflict_robot=2 conflict_target=None
2026-10-02 17:59:28,400 | INFO | Thread-1 (_run_capstone) | SARSA_ROUTE_MATCH robot=1 action=0 target=(3, 4)
2026-10-02 17:59:28,400 | INFO | Thread-1 (_run_capstone) | EVENT | ROBOT_MOVED | {'robot_id': 1, 'position': (3, 4), 'estimated_position': (3, 4), 'observation': 4, 'battery': 87.0}
2026-10-02 17:59:28,412 | INFO | Thread-1 (_run_capstone) | EVENT | SARSA_ACTION | {'robot_id': 1, 'action': 0, 'proposed_action': 0, 'position': (3, 4), 'target': (3, 4), 'controller': 'SARSA+ASTAR_ROUTE_GUARD'}
2026-10-02 17:59:28,422 | INFO | Thread-1 (_run_capstone) | MOVE RESULT robot=1 ok=True new_pos=(3, 4) battery=87.00 target=(3, 4)
2026-10-02 17:59:28,603 | INFO | Thread-1 (_run_capstone) | ACTIVE_TASK robot=1 task=TASK-001 phase=DELIVERY
2026-10-02 17:59:28,603 | INFO | Thread-1 (_run_capstone) | DELIVERY reached robot=1 task=TASK-001 destination=(3, 4)
2026-10-02 17:59:28,603 | INFO | Thread-1 (_run_capstone) | EVENT | ITEM_DELIVERED | {'robot_id': 1, 'item_id': 'ITEM-001', 'task_id': 'TASK-001'}
2026-10-02 17:59:28,880 | INFO | MainThread | Worker finished status=COMPLETED
