2026-10-02 17:20:12,990 | INFO | MainThread | === CAPSTONE DEBUG LOG START ===
2026-10-02 17:20:12,991 | INFO | MainThread | debug_logging_enabled=True
2026-10-02 17:20:12,992 | INFO | MainThread | Human command submitted: 'move 2 using bot 2'
2026-10-02 17:20:12,992 | INFO | Thread-1 (_run_capstone) | Initializing custom warehouse environment
2026-10-02 17:20:12,993 | INFO | Thread-1 (_run_capstone) | Environment dimensions rows=15 cols=20
2026-10-02 17:20:12,999 | INFO | Thread-1 (_run_capstone) | Warehouse state and orchestrator created
2026-10-02 17:20:13,002 | INFO | Thread-1 (_run_capstone) | Robots initialized: R1=(2, 2) R2=(17, 3)
2026-10-02 17:20:13,054 | INFO | Thread-1 (_run_capstone) | SQLite memory attached run_id=1
2026-10-02 17:20:13,055 | INFO | Thread-1 (_run_capstone) | Loaded items=[('ITEM-001', (2, 9), 6.0), ('ITEM-002', (15, 11), 4.0)]
2026-10-02 17:20:13,055 | INFO | Thread-1 (_run_capstone) | Loaded tasks=[('TASK-001', 'ITEM-001', (2, 9), (3, 4)), ('TASK-002', 'ITEM-002', (15, 11), (18, 12))]
2026-10-02 17:20:13,055 | INFO | Thread-1 (_run_capstone) | Dispatch start request='move 2 using bot 2'
2026-10-02 17:20:28,507 | INFO | Thread-1 (_run_capstone) | EVENT | TASK_ASSIGNED | {'task_id': 'TASK-002', 'robot_id': 2}
2026-10-02 17:20:28,520 | INFO | Thread-1 (_run_capstone) | Dispatch result: {'status': 'DISPATCH_AUTHORIZED', 'result': {'answer': 'Dispatch verified: ITEM-002 assigned to robot 2.', 'assignments': {'ITEM-002': '2'}}, 'final_smt_check': {'status': 'SATISFIABLE', 'assignments': {'ITEM-002': '2'}, 'feedback': 'Dispatch plan verified by SMT.'}, 'task_assignments': [{'task_id': 'TASK-002', 'item_id': 'ITEM-002', 'robot_id': '2'}], 'trace': [{'role': 'system', 'content': '\nYou are the dispatch reasoning layer of an autonomous warehouse.\n\nReturn exactly one JSON object per turn:\n{\n  "thought": "<brief reasoning summary>",\n  "action": "<action>",\n  "action_input": {...}\n}\n\nAllowed actions are exactly:\n\n1. "verify_dispatch_smt"\n   action_input:\n   {\n     "packages": [\n       {"id": "<package id>", "weight": <number>}\n     ],\n     "robots": [\n       {\n         "id": "<robot id>",\n         "capacity": <number>,\n         "battery_pct": <number>,\n         "min_battery": <number>,\n         "drain_rate": <number>\n       }\n     ]\n   }\n\n2. "ask_user"\n   action_input:\n   {"question": "<question>"}\n\n3. "finish"\n   action_input:\n   {\n     "answer": "<answer>",\n     "assignments": {"package_id": "robot_id", ...}\n   }\n\nRules:\n- First translate the warehouse request into a concrete verifier payload.\n- Only create assignments for packages/items that the HUMAN DISPATCH REQUEST explicitly asks to move.\n- Do not add extra packages, extra tasks, or "helpful" assignments that were not requested.\n- If the human explicitly names a robot for a requested package, use that robot; do not silently substitute another robot.\n- When the HUMAN DISPATCH REQUEST explicitly says "ITEM-X to Robot-Y", the\n  final assignment for ITEM-X MUST be exactly Robot-Y. Do not move that item to\n  another robot merely because SMT also finds that alternative feasible.\n- Do not treat a merely feasible alternative assignment as permission to rewrite\n  an explicit human assignment.\n- The SMT verifier is the source of truth for physical feasibility, while the\n  human request is the source of truth for explicit assignment intent.\n- If SMT returns SATISFIABLE, finish using exactly the assignments from that\n  verified result.\n- If SMT returns UNSATISFIABLE, read diagnostics and feedback, explain the\n  actual constraint failure in your Thought, and propose a genuinely\n  different payload.\n- Never submit the exact same verify_dispatch_smt payload twice.\n- A changed plan must be sent back through SMT before being described as\n  feasible.\n- Use ask_user when the correct relaxation requires a human preference.\n- Never claim a plan is feasible without a SATISFIABLE verification for that\n  exact plan.\n'}, {'role': 'user', 'content': 'HUMAN DISPATCH REQUEST:\nmove 2 using bot 2\n\nAUTHORITATIVE CURRENT WAREHOUSE STATE:\n{\n  "robots": [\n    {\n      "id": 1,\n      "capacity_kg": 10.0,\n      "battery_pct": 100.0,\n      "wear": 0.0,\n      "min_battery_pct": 20.0,\n      "drain_rate_pct_per_kg": 0.0\n    },\n    {\n      "id": 2,\n      "capacity_kg": 10.0,\n      "battery_pct": 100.0,\n      "wear": 0.0,\n      "min_battery_pct": 20.0,\n      "drain_rate_pct_per_kg": 0.0\n    }\n  ],\n  "items": [\n    {\n      "id": "ITEM-001",\n      "weight_kg": 6.0,\n      "location": [\n        2,\n        9\n      ],\n      "status": "AVAILABLE"\n    },\n    {\n      "id": "ITEM-002",\n      "weight_kg": 4.0,\n      "location": [\n        15,\n        11\n      ],\n      "status": "AVAILABLE"\n    }\n  ],\n  "tasks": [\n    {\n      "task_id": "TASK-001",\n      "item_id": "ITEM-001",\n      "destination": [\n        3,\n        4\n      ],\n      "assigned_robot_id": null\n    },\n    {\n      "task_id": "TASK-002",\n      "item_id": "ITEM-002",\n      "destination": [\n        18,\n        12\n      ],\n      "assigned_robot_id": null\n    }\n  ]\n}\n\nUse the supplied warehouse state for package weights, robot capacity, battery, and available entities. Do not ask the human to repeat information already present here.'}, {'role': 'assistant', 'content': '{\n  "thought": "Human asked to move ITEM-002 using robot 2. Build SMT payload with only that package and the specified robot (use robot specs from authoritative state).",\n  "action": "verify_dispatch_smt",\n  "action_input": {\n    "packages": [\n      {\n        "id": "ITEM-002",\n        "weight": 4.0\n      }\n    ],\n    "robots": [\n      {\n        "id": 2,\n        "capacity": 10.0,\n        "battery_pct": 100.0,\n        "min_battery": 20.0,\n        "drain_rate": 0.0\n      }\n    ]\n  }\n}'}, {'role': 'user', 'content': '{"status": "SYNTACTIC_ERROR", "message": "1 validation error for DispatchPayload\\nrobots.0.id\\n  Input should be a valid string [type=string_type, input_value=2, input_type=int]\\n    For further information visit https://errors.pydantic.dev/2.9/v/string_type"}'}, {'role': 'assistant', 'content': '{\n  "thought": "Validator rejected integer robot id. Convert robot id to string and resubmit a changed payload (no other changes; still only ITEM-002 assigned to robot 2 as requested).",\n  "action": "verify_dispatch_smt",\n  "action_input": {\n    "packages": [\n      {\n        "id": "ITEM-002",\n        "weight": 4.0\n      }\n    ],\n    "robots": [\n      {\n        "id": "2",\n        "capacity": 10.0,\n        "battery_pct": 100.0,\n        "min_battery": 20.0,\n        "drain_rate": 0.0\n      }\n    ]\n  }\n}'}, {'role': 'user', 'content': '{"status": "SATISFIABLE", "assignments": {"ITEM-002": "2"}, "feedback": "Dispatch plan verified by SMT."}'}, {'role': 'assistant', 'content': '{\n  "thought": "SMT verified the requested assignment as satisfiable: ITEM-002 assigned to robot \'2\'. Finish with the exact verified assignment.",\n  "action": "finish",\n  "action_input": {\n    "answer": "Dispatch verified: ITEM-002 assigned to robot 2.",\n    "assignments": {\n      "ITEM-002": "2"\n    }\n  }\n}'}]}
2026-10-02 17:20:28,520 | INFO | Thread-1 (_run_capstone) | EVENT | ROUTE_PLANNED | {'robot_id': 2, 'destination': (15, 11), 'route_length': 11, 'planner': 'astar', 'bandit_arm': None, 'bandit_reward': None, 'value_estimate': None, 'fallback_reason': None, 'nodes_expanded': 18, 'planning_time_ms': 0.09489059448242188}
2026-10-02 17:20:28,539 | INFO | Thread-1 (_run_capstone) | A* planned robot=2 destination=(15, 11) blocked_dynamic=[(3, 4)] route=[(17, 3), (17, 4), (16, 4), (16, 5), (16, 6), (16, 7), (15, 7), (15, 8), (15, 9), (15, 10), (15, 11)]
2026-10-02 17:20:28,539 | INFO | Thread-1 (_run_capstone) | A* NEXT WAYPOINT robot=2 current=(17, 3) destination=(15, 11) waypoint=(17, 4) remaining_route=[(17, 3), (17, 4), (16, 4), (16, 5), (16, 6), (16, 7), (15, 7), (15, 8), (15, 9), (15, 10), (15, 11)]
2026-10-02 17:20:28,734 | INFO | Thread-1 (_run_capstone) | ACTIVE_TASK robot=2 task=TASK-002 phase=PICKUP
2026-10-02 17:20:28,734 | INFO | Thread-1 (_run_capstone) | EVENT | ROUTE_PLANNED | {'robot_id': 2, 'destination': (15, 11), 'route_length': 11, 'planner': 'astar', 'bandit_arm': None, 'bandit_reward': None, 'value_estimate': None, 'fallback_reason': None, 'nodes_expanded': 18, 'planning_time_ms': 0.07772445678710938}
2026-10-02 17:20:28,747 | INFO | Thread-1 (_run_capstone) | A* planned robot=2 destination=(15, 11) blocked_dynamic=[(3, 4)] route=[(17, 3), (17, 4), (16, 4), (16, 5), (16, 6), (16, 7), (15, 7), (15, 8), (15, 9), (15, 10), (15, 11)]
2026-10-02 17:20:28,747 | INFO | Thread-1 (_run_capstone) | A* NEXT WAYPOINT robot=2 current=(17, 3) destination=(15, 11) waypoint=(17, 4) remaining_route=[(17, 3), (17, 4), (16, 4), (16, 5), (16, 6), (16, 7), (15, 7), (15, 8), (15, 9), (15, 10), (15, 11)]
2026-10-02 17:20:28,887 | INFO | Thread-1 (_run_capstone) | MOVE REQUEST robot=2 pos=(17, 3) target=(17, 4) conflict_robot=1 conflict_target=None
2026-10-02 17:20:29,093 | INFO | Thread-1 (_run_capstone) | SARSA_ROUTE_MATCH robot=2 action=1 target=(17, 4)
2026-10-02 17:20:29,477 | INFO | Thread-1 (_run_capstone) | EVENT | ROBOT_MOVED | {'robot_id': 2, 'position': (17, 4), 'estimated_position': (17, 4), 'observation': 0, 'battery': 99.0}
2026-10-02 17:20:29,486 | INFO | Thread-1 (_run_capstone) | EVENT | SARSA_ACTION | {'robot_id': 2, 'action': 1, 'proposed_action': 1, 'position': (17, 4), 'target': (17, 4), 'controller': 'SARSA+ASTAR_ROUTE_GUARD'}
2026-10-02 17:20:29,496 | INFO | Thread-1 (_run_capstone) | MOVE RESULT robot=2 ok=True new_pos=(17, 4) battery=99.00 target=(17, 4)
2026-10-02 17:20:29,677 | INFO | Thread-1 (_run_capstone) | ACTIVE_TASK robot=2 task=TASK-002 phase=PICKUP
2026-10-02 17:20:29,677 | INFO | Thread-1 (_run_capstone) | EVENT | ROUTE_PLANNED | {'robot_id': 2, 'destination': (15, 11), 'route_length': 10, 'planner': 'astar', 'bandit_arm': None, 'bandit_reward': None, 'value_estimate': None, 'fallback_reason': None, 'nodes_expanded': 15, 'planning_time_ms': 0.08082389831542969}
2026-10-02 17:20:29,693 | INFO | Thread-1 (_run_capstone) | A* planned robot=2 destination=(15, 11) blocked_dynamic=[(3, 4)] route=[(17, 4), (17, 5), (16, 5), (16, 6), (16, 7), (15, 7), (15, 8), (15, 9), (15, 10), (15, 11)]
2026-10-02 17:20:29,693 | INFO | Thread-1 (_run_capstone) | A* NEXT WAYPOINT robot=2 current=(17, 4) destination=(15, 11) waypoint=(17, 5) remaining_route=[(17, 4), (17, 5), (16, 5), (16, 6), (16, 7), (15, 7), (15, 8), (15, 9), (15, 10), (15, 11)]
2026-10-02 17:20:29,832 | INFO | Thread-1 (_run_capstone) | MOVE REQUEST robot=2 pos=(17, 4) target=(17, 5) conflict_robot=1 conflict_target=None
2026-10-02 17:20:29,948 | INFO | Thread-1 (_run_capstone) | SARSA_ROUTE_MATCH robot=2 action=1 target=(17, 5)
2026-10-02 17:20:29,949 | INFO | Thread-1 (_run_capstone) | EVENT | ROBOT_MOVED | {'robot_id': 2, 'position': (17, 5), 'estimated_position': (17, 5), 'observation': 0, 'battery': 98.0}
2026-10-02 17:20:29,959 | INFO | Thread-1 (_run_capstone) | EVENT | SARSA_ACTION | {'robot_id': 2, 'action': 1, 'proposed_action': 1, 'position': (17, 5), 'target': (17, 5), 'controller': 'SARSA+ASTAR_ROUTE_GUARD'}
2026-10-02 17:20:29,974 | INFO | Thread-1 (_run_capstone) | MOVE RESULT robot=2 ok=True new_pos=(17, 5) battery=98.00 target=(17, 5)
2026-10-02 17:20:30,154 | INFO | Thread-1 (_run_capstone) | ACTIVE_TASK robot=2 task=TASK-002 phase=PICKUP
2026-10-02 17:20:30,155 | INFO | Thread-1 (_run_capstone) | EVENT | ROUTE_PLANNED | {'robot_id': 2, 'destination': (15, 11), 'route_length': 9, 'planner': 'astar', 'bandit_arm': None, 'bandit_reward': None, 'value_estimate': None, 'fallback_reason': None, 'nodes_expanded': 12, 'planning_time_ms': 0.06389617919921875}
2026-10-02 17:20:30,166 | INFO | Thread-1 (_run_capstone) | A* planned robot=2 destination=(15, 11) blocked_dynamic=[(3, 4)] route=[(17, 5), (17, 6), (16, 6), (16, 7), (15, 7), (15, 8), (15, 9), (15, 10), (15, 11)]
2026-10-02 17:20:30,166 | INFO | Thread-1 (_run_capstone) | A* NEXT WAYPOINT robot=2 current=(17, 5) destination=(15, 11) waypoint=(17, 6) remaining_route=[(17, 5), (17, 6), (16, 6), (16, 7), (15, 7), (15, 8), (15, 9), (15, 10), (15, 11)]
2026-10-02 17:20:30,346 | INFO | Thread-1 (_run_capstone) | MOVE REQUEST robot=2 pos=(17, 5) target=(17, 6) conflict_robot=1 conflict_target=None
2026-10-02 17:20:30,477 | INFO | Thread-1 (_run_capstone) | SARSA_ROUTE_MATCH robot=2 action=1 target=(17, 6)
2026-10-02 17:20:30,477 | INFO | Thread-1 (_run_capstone) | EVENT | ROBOT_MOVED | {'robot_id': 2, 'position': (17, 6), 'estimated_position': (17, 6), 'observation': 4, 'battery': 97.0}
2026-10-02 17:20:30,487 | INFO | Thread-1 (_run_capstone) | EVENT | SARSA_ACTION | {'robot_id': 2, 'action': 1, 'proposed_action': 1, 'position': (17, 6), 'target': (17, 6), 'controller': 'SARSA+ASTAR_ROUTE_GUARD'}
2026-10-02 17:20:30,496 | INFO | Thread-1 (_run_capstone) | MOVE RESULT robot=2 ok=True new_pos=(17, 6) battery=97.00 target=(17, 6)
2026-10-02 17:20:30,677 | INFO | Thread-1 (_run_capstone) | ACTIVE_TASK robot=2 task=TASK-002 phase=PICKUP
2026-10-02 17:20:30,677 | INFO | Thread-1 (_run_capstone) | EVENT | ROUTE_PLANNED | {'robot_id': 2, 'destination': (15, 11), 'route_length': 8, 'planner': 'astar', 'bandit_arm': None, 'bandit_reward': None, 'value_estimate': None, 'fallback_reason': None, 'nodes_expanded': 9, 'planning_time_ms': 0.08988380432128906}
2026-10-02 17:20:30,690 | INFO | Thread-1 (_run_capstone) | A* planned robot=2 destination=(15, 11) blocked_dynamic=[(3, 4)] route=[(17, 6), (17, 7), (16, 7), (15, 7), (15, 8), (15, 9), (15, 10), (15, 11)]
2026-10-02 17:20:30,690 | INFO | Thread-1 (_run_capstone) | A* NEXT WAYPOINT robot=2 current=(17, 6) destination=(15, 11) waypoint=(17, 7) remaining_route=[(17, 6), (17, 7), (16, 7), (15, 7), (15, 8), (15, 9), (15, 10), (15, 11)]
2026-10-02 17:20:30,809 | INFO | Thread-1 (_run_capstone) | MOVE REQUEST robot=2 pos=(17, 6) target=(17, 7) conflict_robot=1 conflict_target=None
2026-10-02 17:20:30,993 | INFO | Thread-1 (_run_capstone) | SARSA_ROUTE_MATCH robot=2 action=1 target=(17, 7)
2026-10-02 17:20:30,994 | INFO | Thread-1 (_run_capstone) | EVENT | ROBOT_MOVED | {'robot_id': 2, 'position': (17, 7), 'estimated_position': (17, 7), 'observation': 1, 'battery': 96.0}
2026-10-02 17:20:31,007 | INFO | Thread-1 (_run_capstone) | EVENT | SARSA_ACTION | {'robot_id': 2, 'action': 1, 'proposed_action': 1, 'position': (17, 7), 'target': (17, 7), 'controller': 'SARSA+ASTAR_ROUTE_GUARD'}
2026-10-02 17:20:31,018 | INFO | Thread-1 (_run_capstone) | MOVE RESULT robot=2 ok=True new_pos=(17, 7) battery=96.00 target=(17, 7)
2026-10-02 17:20:31,199 | INFO | Thread-1 (_run_capstone) | ACTIVE_TASK robot=2 task=TASK-002 phase=PICKUP
2026-10-02 17:20:31,199 | INFO | Thread-1 (_run_capstone) | EVENT | ROUTE_PLANNED | {'robot_id': 2, 'destination': (15, 11), 'route_length': 7, 'planner': 'astar', 'bandit_arm': None, 'bandit_reward': None, 'value_estimate': None, 'fallback_reason': None, 'nodes_expanded': 6, 'planning_time_ms': 0.06914138793945312}
2026-10-02 17:20:31,211 | INFO | Thread-1 (_run_capstone) | A* planned robot=2 destination=(15, 11) blocked_dynamic=[(3, 4)] route=[(17, 7), (16, 7), (15, 7), (15, 8), (15, 9), (15, 10), (15, 11)]
2026-10-02 17:20:31,211 | INFO | Thread-1 (_run_capstone) | A* NEXT WAYPOINT robot=2 current=(17, 7) destination=(15, 11) waypoint=(16, 7) remaining_route=[(17, 7), (16, 7), (15, 7), (15, 8), (15, 9), (15, 10), (15, 11)]
2026-10-02 17:20:31,351 | INFO | Thread-1 (_run_capstone) | MOVE REQUEST robot=2 pos=(17, 7) target=(16, 7) conflict_robot=1 conflict_target=None
2026-10-02 17:20:31,497 | INFO | Thread-1 (_run_capstone) | SARSA_ROUTE_MATCH robot=2 action=3 target=(16, 7)
2026-10-02 17:20:31,497 | INFO | Thread-1 (_run_capstone) | EVENT | ROBOT_MOVED | {'robot_id': 2, 'position': (16, 7), 'estimated_position': (16, 7), 'observation': 3, 'battery': 95.0}
2026-10-02 17:20:31,510 | INFO | Thread-1 (_run_capstone) | EVENT | SARSA_ACTION | {'robot_id': 2, 'action': 3, 'proposed_action': 3, 'position': (16, 7), 'target': (16, 7), 'controller': 'SARSA+ASTAR_ROUTE_GUARD'}
2026-10-02 17:20:31,518 | INFO | Thread-1 (_run_capstone) | MOVE RESULT robot=2 ok=True new_pos=(16, 7) battery=95.00 target=(16, 7)
2026-10-02 17:20:31,700 | INFO | Thread-1 (_run_capstone) | ACTIVE_TASK robot=2 task=TASK-002 phase=PICKUP
2026-10-02 17:20:31,701 | INFO | Thread-1 (_run_capstone) | EVENT | ROUTE_PLANNED | {'robot_id': 2, 'destination': (15, 11), 'route_length': 6, 'planner': 'astar', 'bandit_arm': None, 'bandit_reward': None, 'value_estimate': None, 'fallback_reason': None, 'nodes_expanded': 5, 'planning_time_ms': 0.04100799560546875}
2026-10-02 17:20:31,714 | INFO | Thread-1 (_run_capstone) | A* planned robot=2 destination=(15, 11) blocked_dynamic=[(3, 4)] route=[(16, 7), (15, 7), (15, 8), (15, 9), (15, 10), (15, 11)]
2026-10-02 17:20:31,714 | INFO | Thread-1 (_run_capstone) | A* NEXT WAYPOINT robot=2 current=(16, 7) destination=(15, 11) waypoint=(15, 7) remaining_route=[(16, 7), (15, 7), (15, 8), (15, 9), (15, 10), (15, 11)]
2026-10-02 17:20:31,948 | INFO | Thread-1 (_run_capstone) | MOVE REQUEST robot=2 pos=(16, 7) target=(15, 7) conflict_robot=1 conflict_target=None
2026-10-02 17:20:32,252 | INFO | Thread-1 (_run_capstone) | SARSA_ROUTE_MATCH robot=2 action=3 target=(15, 7)
2026-10-02 17:20:32,253 | INFO | Thread-1 (_run_capstone) | EVENT | ROBOT_MOVED | {'robot_id': 2, 'position': (15, 7), 'estimated_position': (15, 7), 'observation': 0, 'battery': 94.0}
2026-10-02 17:20:32,264 | INFO | Thread-1 (_run_capstone) | EVENT | SARSA_ACTION | {'robot_id': 2, 'action': 3, 'proposed_action': 3, 'position': (15, 7), 'target': (15, 7), 'controller': 'SARSA+ASTAR_ROUTE_GUARD'}
2026-10-02 17:20:32,274 | INFO | Thread-1 (_run_capstone) | MOVE RESULT robot=2 ok=True new_pos=(15, 7) battery=94.00 target=(15, 7)
2026-10-02 17:20:32,455 | INFO | Thread-1 (_run_capstone) | ACTIVE_TASK robot=2 task=TASK-002 phase=PICKUP
2026-10-02 17:20:32,455 | INFO | Thread-1 (_run_capstone) | EVENT | ROUTE_PLANNED | {'robot_id': 2, 'destination': (15, 11), 'route_length': 5, 'planner': 'astar', 'bandit_arm': None, 'bandit_reward': None, 'value_estimate': None, 'fallback_reason': None, 'nodes_expanded': 4, 'planning_time_ms': 0.053882598876953125}
2026-10-02 17:20:32,468 | INFO | Thread-1 (_run_capstone) | A* planned robot=2 destination=(15, 11) blocked_dynamic=[(3, 4)] route=[(15, 7), (15, 8), (15, 9), (15, 10), (15, 11)]
2026-10-02 17:20:32,469 | INFO | Thread-1 (_run_capstone) | A* NEXT WAYPOINT robot=2 current=(15, 7) destination=(15, 11) waypoint=(15, 8) remaining_route=[(15, 7), (15, 8), (15, 9), (15, 10), (15, 11)]
2026-10-02 17:20:32,605 | INFO | Thread-1 (_run_capstone) | MOVE REQUEST robot=2 pos=(15, 7) target=(15, 8) conflict_robot=1 conflict_target=None
2026-10-02 17:20:32,727 | INFO | Thread-1 (_run_capstone) | SARSA_ROUTE_MATCH robot=2 action=1 target=(15, 8)
2026-10-02 17:20:32,728 | INFO | Thread-1 (_run_capstone) | EVENT | ROBOT_MOVED | {'robot_id': 2, 'position': (15, 8), 'estimated_position': (15, 8), 'observation': 1, 'battery': 93.0}
2026-10-02 17:20:32,743 | INFO | Thread-1 (_run_capstone) | EVENT | SARSA_ACTION | {'robot_id': 2, 'action': 1, 'proposed_action': 1, 'position': (15, 8), 'target': (15, 8), 'controller': 'SARSA+ASTAR_ROUTE_GUARD'}
2026-10-02 17:20:32,753 | INFO | Thread-1 (_run_capstone) | MOVE RESULT robot=2 ok=True new_pos=(15, 8) battery=93.00 target=(15, 8)
2026-10-02 17:20:32,942 | INFO | Thread-1 (_run_capstone) | ACTIVE_TASK robot=2 task=TASK-002 phase=PICKUP
2026-10-02 17:20:32,944 | INFO | Thread-1 (_run_capstone) | EVENT | ROUTE_PLANNED | {'robot_id': 2, 'destination': (15, 11), 'route_length': 4, 'planner': 'astar', 'bandit_arm': None, 'bandit_reward': None, 'value_estimate': None, 'fallback_reason': None, 'nodes_expanded': 3, 'planning_time_ms': 0.03337860107421875}
2026-10-02 17:20:32,957 | INFO | Thread-1 (_run_capstone) | A* planned robot=2 destination=(15, 11) blocked_dynamic=[(3, 4)] route=[(15, 8), (15, 9), (15, 10), (15, 11)]
2026-10-02 17:20:32,957 | INFO | Thread-1 (_run_capstone) | A* NEXT WAYPOINT robot=2 current=(15, 8) destination=(15, 11) waypoint=(15, 9) remaining_route=[(15, 8), (15, 9), (15, 10), (15, 11)]
2026-10-02 17:20:33,090 | INFO | Thread-1 (_run_capstone) | MOVE REQUEST robot=2 pos=(15, 8) target=(15, 9) conflict_robot=1 conflict_target=None
2026-10-02 17:20:33,363 | INFO | Thread-1 (_run_capstone) | SARSA_ROUTE_MATCH robot=2 action=1 target=(15, 9)
2026-10-02 17:20:33,363 | INFO | Thread-1 (_run_capstone) | EVENT | ROBOT_MOVED | {'robot_id': 2, 'position': (15, 9), 'estimated_position': (15, 9), 'observation': 1, 'battery': 92.0}
2026-10-02 17:20:33,405 | INFO | Thread-1 (_run_capstone) | EVENT | SARSA_ACTION | {'robot_id': 2, 'action': 1, 'proposed_action': 1, 'position': (15, 9), 'target': (15, 9), 'controller': 'SARSA+ASTAR_ROUTE_GUARD'}
2026-10-02 17:20:33,490 | INFO | Thread-1 (_run_capstone) | MOVE RESULT robot=2 ok=True new_pos=(15, 9) battery=92.00 target=(15, 9)
2026-10-02 17:20:33,670 | INFO | Thread-1 (_run_capstone) | ACTIVE_TASK robot=2 task=TASK-002 phase=PICKUP
2026-10-02 17:20:33,671 | INFO | Thread-1 (_run_capstone) | EVENT | ROUTE_PLANNED | {'robot_id': 2, 'destination': (15, 11), 'route_length': 3, 'planner': 'astar', 'bandit_arm': None, 'bandit_reward': None, 'value_estimate': None, 'fallback_reason': None, 'nodes_expanded': 2, 'planning_time_ms': 0.026702880859375}
2026-10-02 17:20:33,695 | INFO | Thread-1 (_run_capstone) | A* planned robot=2 destination=(15, 11) blocked_dynamic=[(3, 4)] route=[(15, 9), (15, 10), (15, 11)]
2026-10-02 17:20:33,695 | INFO | Thread-1 (_run_capstone) | A* NEXT WAYPOINT robot=2 current=(15, 9) destination=(15, 11) waypoint=(15, 10) remaining_route=[(15, 9), (15, 10), (15, 11)]
2026-10-02 17:20:33,828 | INFO | Thread-1 (_run_capstone) | MOVE REQUEST robot=2 pos=(15, 9) target=(15, 10) conflict_robot=1 conflict_target=None
2026-10-02 17:20:33,937 | INFO | Thread-1 (_run_capstone) | SARSA_ROUTE_MATCH robot=2 action=1 target=(15, 10)
2026-10-02 17:20:33,937 | INFO | Thread-1 (_run_capstone) | EVENT | ROBOT_MOVED | {'robot_id': 2, 'position': (15, 10), 'estimated_position': (15, 10), 'observation': 1, 'battery': 91.0}
2026-10-02 17:20:33,951 | INFO | Thread-1 (_run_capstone) | EVENT | SARSA_ACTION | {'robot_id': 2, 'action': 1, 'proposed_action': 1, 'position': (15, 10), 'target': (15, 10), 'controller': 'SARSA+ASTAR_ROUTE_GUARD'}
2026-10-02 17:20:33,962 | INFO | Thread-1 (_run_capstone) | MOVE RESULT robot=2 ok=True new_pos=(15, 10) battery=91.00 target=(15, 10)
2026-10-02 17:20:34,142 | INFO | Thread-1 (_run_capstone) | ACTIVE_TASK robot=2 task=TASK-002 phase=PICKUP
2026-10-02 17:20:34,142 | INFO | Thread-1 (_run_capstone) | EVENT | ROUTE_PLANNED | {'robot_id': 2, 'destination': (15, 11), 'route_length': 2, 'planner': 'astar', 'bandit_arm': None, 'bandit_reward': None, 'value_estimate': None, 'fallback_reason': None, 'nodes_expanded': 1, 'planning_time_ms': 0.03457069396972656}
2026-10-02 17:20:34,157 | INFO | Thread-1 (_run_capstone) | A* planned robot=2 destination=(15, 11) blocked_dynamic=[(3, 4)] route=[(15, 10), (15, 11)]
2026-10-02 17:20:34,157 | INFO | Thread-1 (_run_capstone) | A* NEXT WAYPOINT robot=2 current=(15, 10) destination=(15, 11) waypoint=(15, 11) remaining_route=[(15, 10), (15, 11)]
2026-10-02 17:20:34,289 | INFO | Thread-1 (_run_capstone) | MOVE REQUEST robot=2 pos=(15, 10) target=(15, 11) conflict_robot=1 conflict_target=None
2026-10-02 17:20:34,400 | INFO | Thread-1 (_run_capstone) | SARSA_ROUTE_MATCH robot=2 action=1 target=(15, 11)
2026-10-02 17:20:34,400 | INFO | Thread-1 (_run_capstone) | EVENT | ROBOT_MOVED | {'robot_id': 2, 'position': (15, 11), 'estimated_position': (15, 11), 'observation': 1, 'battery': 90.0}
2026-10-02 17:20:34,418 | INFO | Thread-1 (_run_capstone) | EVENT | SARSA_ACTION | {'robot_id': 2, 'action': 1, 'proposed_action': 1, 'position': (15, 11), 'target': (15, 11), 'controller': 'SARSA+ASTAR_ROUTE_GUARD'}
2026-10-02 17:20:34,440 | INFO | Thread-1 (_run_capstone) | MOVE RESULT robot=2 ok=True new_pos=(15, 11) battery=90.00 target=(15, 11)
2026-10-02 17:20:34,620 | INFO | Thread-1 (_run_capstone) | ACTIVE_TASK robot=2 task=TASK-002 phase=PICKUP
2026-10-02 17:20:34,621 | INFO | Thread-1 (_run_capstone) | PICKUP reached robot=2 task=TASK-002 item=ITEM-002 at=(15, 11)
2026-10-02 17:20:34,621 | INFO | Thread-1 (_run_capstone) | EVENT | ITEM_PICKED | {'robot_id': 2, 'item_id': 'ITEM-002'}
2026-10-02 17:20:34,632 | INFO | Thread-1 (_run_capstone) | EVENT | ROUTE_PLANNED | {'robot_id': 2, 'destination': (18, 12), 'route_length': 7, 'planner': 'astar', 'bandit_arm': None, 'bandit_reward': None, 'value_estimate': None, 'fallback_reason': None, 'nodes_expanded': 9, 'planning_time_ms': 0.05364418029785156}
2026-10-02 17:20:34,645 | INFO | Thread-1 (_run_capstone) | A* planned robot=2 destination=(18, 12) blocked_dynamic=[(3, 4)] route=[(15, 11), (15, 12), (15, 13), (16, 13), (17, 13), (18, 13), (18, 12)]
2026-10-02 17:20:34,645 | INFO | Thread-1 (_run_capstone) | A* NEXT WAYPOINT robot=2 current=(15, 11) destination=(18, 12) waypoint=(15, 12) remaining_route=[(15, 11), (15, 12), (15, 13), (16, 13), (17, 13), (18, 13), (18, 12)]
2026-10-02 17:20:34,940 | INFO | Thread-1 (_run_capstone) | ACTIVE_TASK robot=2 task=TASK-002 phase=DELIVERY
2026-10-02 17:20:34,940 | INFO | Thread-1 (_run_capstone) | EVENT | ROUTE_PLANNED | {'robot_id': 2, 'destination': (18, 12), 'route_length': 7, 'planner': 'astar', 'bandit_arm': None, 'bandit_reward': None, 'value_estimate': None, 'fallback_reason': None, 'nodes_expanded': 9, 'planning_time_ms': 0.05269050598144531}
2026-10-02 17:20:34,990 | INFO | Thread-1 (_run_capstone) | A* planned robot=2 destination=(18, 12) blocked_dynamic=[(3, 4)] route=[(15, 11), (15, 12), (15, 13), (16, 13), (17, 13), (18, 13), (18, 12)]
2026-10-02 17:20:34,990 | INFO | Thread-1 (_run_capstone) | A* NEXT WAYPOINT robot=2 current=(15, 11) destination=(18, 12) waypoint=(15, 12) remaining_route=[(15, 11), (15, 12), (15, 13), (16, 13), (17, 13), (18, 13), (18, 12)]
2026-10-02 17:20:35,111 | INFO | Thread-1 (_run_capstone) | MOVE REQUEST robot=2 pos=(15, 11) target=(15, 12) conflict_robot=1 conflict_target=None
2026-10-02 17:20:35,231 | INFO | Thread-1 (_run_capstone) | SARSA_ROUTE_MATCH robot=2 action=1 target=(15, 12)
2026-10-02 17:20:35,231 | INFO | Thread-1 (_run_capstone) | EVENT | ROBOT_MOVED | {'robot_id': 2, 'position': (15, 12), 'estimated_position': (15, 12), 'observation': 1, 'battery': 89.0}
2026-10-02 17:20:35,243 | INFO | Thread-1 (_run_capstone) | EVENT | SARSA_ACTION | {'robot_id': 2, 'action': 1, 'proposed_action': 1, 'position': (15, 12), 'target': (15, 12), 'controller': 'SARSA+ASTAR_ROUTE_GUARD'}
2026-10-02 17:20:35,251 | INFO | Thread-1 (_run_capstone) | MOVE RESULT robot=2 ok=True new_pos=(15, 12) battery=89.00 target=(15, 12)
2026-10-02 17:20:35,432 | INFO | Thread-1 (_run_capstone) | ACTIVE_TASK robot=2 task=TASK-002 phase=DELIVERY
2026-10-02 17:20:35,432 | INFO | Thread-1 (_run_capstone) | EVENT | ROUTE_PLANNED | {'robot_id': 2, 'destination': (18, 12), 'route_length': 6, 'planner': 'astar', 'bandit_arm': None, 'bandit_reward': None, 'value_estimate': None, 'fallback_reason': None, 'nodes_expanded': 7, 'planning_time_ms': 0.07367134094238281}
2026-10-02 17:20:35,442 | INFO | Thread-1 (_run_capstone) | A* planned robot=2 destination=(18, 12) blocked_dynamic=[(3, 4)] route=[(15, 12), (15, 13), (16, 13), (17, 13), (18, 13), (18, 12)]
2026-10-02 17:20:35,442 | INFO | Thread-1 (_run_capstone) | A* NEXT WAYPOINT robot=2 current=(15, 12) destination=(18, 12) waypoint=(15, 13) remaining_route=[(15, 12), (15, 13), (16, 13), (17, 13), (18, 13), (18, 12)]
2026-10-02 17:20:35,565 | INFO | Thread-1 (_run_capstone) | MOVE REQUEST robot=2 pos=(15, 12) target=(15, 13) conflict_robot=1 conflict_target=None
2026-10-02 17:20:35,683 | INFO | Thread-1 (_run_capstone) | SARSA_ROUTE_MATCH robot=2 action=1 target=(15, 13)
2026-10-02 17:20:35,683 | INFO | Thread-1 (_run_capstone) | EVENT | ROBOT_MOVED | {'robot_id': 2, 'position': (15, 13), 'estimated_position': (15, 13), 'observation': 0, 'battery': 88.0}
2026-10-02 17:20:35,695 | INFO | Thread-1 (_run_capstone) | EVENT | SARSA_ACTION | {'robot_id': 2, 'action': 1, 'proposed_action': 1, 'position': (15, 13), 'target': (15, 13), 'controller': 'SARSA+ASTAR_ROUTE_GUARD'}
2026-10-02 17:20:35,703 | INFO | Thread-1 (_run_capstone) | MOVE RESULT robot=2 ok=True new_pos=(15, 13) battery=88.00 target=(15, 13)
2026-10-02 17:20:35,884 | INFO | Thread-1 (_run_capstone) | ACTIVE_TASK robot=2 task=TASK-002 phase=DELIVERY
2026-10-02 17:20:35,884 | INFO | Thread-1 (_run_capstone) | EVENT | ROUTE_PLANNED | {'robot_id': 2, 'destination': (18, 12), 'route_length': 5, 'planner': 'astar', 'bandit_arm': None, 'bandit_reward': None, 'value_estimate': None, 'fallback_reason': None, 'nodes_expanded': 5, 'planning_time_ms': 0.03886222839355469}
2026-10-02 17:20:35,894 | INFO | Thread-1 (_run_capstone) | A* planned robot=2 destination=(18, 12) blocked_dynamic=[(3, 4)] route=[(15, 13), (16, 13), (17, 13), (18, 13), (18, 12)]
2026-10-02 17:20:35,895 | INFO | Thread-1 (_run_capstone) | A* NEXT WAYPOINT robot=2 current=(15, 13) destination=(18, 12) waypoint=(16, 13) remaining_route=[(15, 13), (16, 13), (17, 13), (18, 13), (18, 12)]
2026-10-02 17:20:36,022 | INFO | Thread-1 (_run_capstone) | MOVE REQUEST robot=2 pos=(15, 13) target=(16, 13) conflict_robot=1 conflict_target=None
2026-10-02 17:20:36,143 | INFO | Thread-1 (_run_capstone) | SARSA_ROUTE_MATCH robot=2 action=2 target=(16, 13)
2026-10-02 17:20:36,144 | INFO | Thread-1 (_run_capstone) | EVENT | ROBOT_MOVED | {'robot_id': 2, 'position': (16, 13), 'estimated_position': (16, 13), 'observation': 1, 'battery': 87.0}
2026-10-02 17:20:36,154 | INFO | Thread-1 (_run_capstone) | EVENT | SARSA_ACTION | {'robot_id': 2, 'action': 2, 'proposed_action': 2, 'position': (16, 13), 'target': (16, 13), 'controller': 'SARSA+ASTAR_ROUTE_GUARD'}
2026-10-02 17:20:36,164 | INFO | Thread-1 (_run_capstone) | MOVE RESULT robot=2 ok=True new_pos=(16, 13) battery=87.00 target=(16, 13)
2026-10-02 17:20:36,344 | INFO | Thread-1 (_run_capstone) | ACTIVE_TASK robot=2 task=TASK-002 phase=DELIVERY
2026-10-02 17:20:36,345 | INFO | Thread-1 (_run_capstone) | EVENT | ROUTE_PLANNED | {'robot_id': 2, 'destination': (18, 12), 'route_length': 4, 'planner': 'astar', 'bandit_arm': None, 'bandit_reward': None, 'value_estimate': None, 'fallback_reason': None, 'nodes_expanded': 3, 'planning_time_ms': 0.031232833862304688}
2026-10-02 17:20:36,355 | INFO | Thread-1 (_run_capstone) | A* planned robot=2 destination=(18, 12) blocked_dynamic=[(3, 4)] route=[(16, 13), (17, 13), (18, 13), (18, 12)]
2026-10-02 17:20:36,356 | INFO | Thread-1 (_run_capstone) | A* NEXT WAYPOINT robot=2 current=(16, 13) destination=(18, 12) waypoint=(17, 13) remaining_route=[(16, 13), (17, 13), (18, 13), (18, 12)]
2026-10-02 17:20:36,472 | INFO | Thread-1 (_run_capstone) | MOVE REQUEST robot=2 pos=(16, 13) target=(17, 13) conflict_robot=1 conflict_target=None
2026-10-02 17:20:36,588 | INFO | Thread-1 (_run_capstone) | SARSA_ROUTE_MATCH robot=2 action=2 target=(17, 13)
2026-10-02 17:20:36,588 | INFO | Thread-1 (_run_capstone) | EVENT | ROBOT_MOVED | {'robot_id': 2, 'position': (17, 13), 'estimated_position': (17, 13), 'observation': 1, 'battery': 86.0}
2026-10-02 17:20:36,601 | INFO | Thread-1 (_run_capstone) | EVENT | SARSA_ACTION | {'robot_id': 2, 'action': 2, 'proposed_action': 2, 'position': (17, 13), 'target': (17, 13), 'controller': 'SARSA+ASTAR_ROUTE_GUARD'}
2026-10-02 17:20:36,614 | INFO | Thread-1 (_run_capstone) | MOVE RESULT robot=2 ok=True new_pos=(17, 13) battery=86.00 target=(17, 13)
2026-10-02 17:20:36,794 | INFO | Thread-1 (_run_capstone) | ACTIVE_TASK robot=2 task=TASK-002 phase=DELIVERY
2026-10-02 17:20:36,794 | INFO | Thread-1 (_run_capstone) | EVENT | ROUTE_PLANNED | {'robot_id': 2, 'destination': (18, 12), 'route_length': 3, 'planner': 'astar', 'bandit_arm': None, 'bandit_reward': None, 'value_estimate': None, 'fallback_reason': None, 'nodes_expanded': 2, 'planning_time_ms': 0.04220008850097656}
2026-10-02 17:20:36,805 | INFO | Thread-1 (_run_capstone) | A* planned robot=2 destination=(18, 12) blocked_dynamic=[(3, 4)] route=[(17, 13), (18, 13), (18, 12)]
2026-10-02 17:20:36,805 | INFO | Thread-1 (_run_capstone) | A* NEXT WAYPOINT robot=2 current=(17, 13) destination=(18, 12) waypoint=(18, 13) remaining_route=[(17, 13), (18, 13), (18, 12)]
2026-10-02 17:20:36,919 | INFO | Thread-1 (_run_capstone) | MOVE REQUEST robot=2 pos=(17, 13) target=(18, 13) conflict_robot=1 conflict_target=None
2026-10-02 17:20:37,035 | INFO | Thread-1 (_run_capstone) | SARSA_ROUTE_MATCH robot=2 action=2 target=(18, 13)
2026-10-02 17:20:37,035 | INFO | Thread-1 (_run_capstone) | EVENT | ROBOT_MOVED | {'robot_id': 2, 'position': (18, 13), 'estimated_position': (18, 13), 'observation': 4, 'battery': 85.0}
2026-10-02 17:20:37,048 | INFO | Thread-1 (_run_capstone) | EVENT | SARSA_ACTION | {'robot_id': 2, 'action': 2, 'proposed_action': 2, 'position': (18, 13), 'target': (18, 13), 'controller': 'SARSA+ASTAR_ROUTE_GUARD'}
2026-10-02 17:20:37,058 | INFO | Thread-1 (_run_capstone) | MOVE RESULT robot=2 ok=True new_pos=(18, 13) battery=85.00 target=(18, 13)
2026-10-02 17:20:37,238 | INFO | Thread-1 (_run_capstone) | ACTIVE_TASK robot=2 task=TASK-002 phase=DELIVERY
2026-10-02 17:20:37,239 | INFO | Thread-1 (_run_capstone) | EVENT | ROUTE_PLANNED | {'robot_id': 2, 'destination': (18, 12), 'route_length': 2, 'planner': 'astar', 'bandit_arm': None, 'bandit_reward': None, 'value_estimate': None, 'fallback_reason': None, 'nodes_expanded': 1, 'planning_time_ms': 0.03552436828613281}
2026-10-02 17:20:37,257 | INFO | Thread-1 (_run_capstone) | A* planned robot=2 destination=(18, 12) blocked_dynamic=[(3, 4)] route=[(18, 13), (18, 12)]
2026-10-02 17:20:37,257 | INFO | Thread-1 (_run_capstone) | A* NEXT WAYPOINT robot=2 current=(18, 13) destination=(18, 12) waypoint=(18, 12) remaining_route=[(18, 13), (18, 12)]
2026-10-02 17:20:37,389 | INFO | Thread-1 (_run_capstone) | MOVE REQUEST robot=2 pos=(18, 13) target=(18, 12) conflict_robot=1 conflict_target=None
2026-10-02 17:20:37,507 | INFO | Thread-1 (_run_capstone) | SARSA_ROUTE_MATCH robot=2 action=0 target=(18, 12)
2026-10-02 17:20:37,508 | INFO | Thread-1 (_run_capstone) | EVENT | ROBOT_MOVED | {'robot_id': 2, 'position': (18, 12), 'estimated_position': (18, 12), 'observation': 1, 'battery': 84.0}
2026-10-02 17:20:37,517 | INFO | Thread-1 (_run_capstone) | EVENT | SARSA_ACTION | {'robot_id': 2, 'action': 0, 'proposed_action': 0, 'position': (18, 12), 'target': (18, 12), 'controller': 'SARSA+ASTAR_ROUTE_GUARD'}
2026-10-02 17:20:37,524 | INFO | Thread-1 (_run_capstone) | MOVE RESULT robot=2 ok=True new_pos=(18, 12) battery=84.00 target=(18, 12)
2026-10-02 17:20:37,705 | INFO | Thread-1 (_run_capstone) | ACTIVE_TASK robot=2 task=TASK-002 phase=DELIVERY
2026-10-02 17:20:37,705 | INFO | Thread-1 (_run_capstone) | DELIVERY reached robot=2 task=TASK-002 destination=(18, 12)
2026-10-02 17:20:37,705 | INFO | Thread-1 (_run_capstone) | EVENT | ITEM_DELIVERED | {'robot_id': 2, 'item_id': 'ITEM-002', 'task_id': 'TASK-002'}
2026-10-02 17:20:37,904 | INFO | MainThread | Worker finished status=COMPLETED
